SERVER INIT REACHED
2026-01-09 04:29:57 [[32minfo[39m]: [32mSocket.io handlers initialized[39m
2026-01-09 04:29:57 [[32minfo[39m]: [32mNew database connection established[39m
2026-01-09 04:29:57 [[32minfo[39m]: [32m✓ Database connected[39m
2026-01-09 04:29:57 [[32minfo[39m]: [32m✓ Redis connected[39m
2026-01-09 04:29:57 [[32minfo[39m]: [32m✓ Server running on port 3001[39m
2026-01-09 04:29:57 [[32minfo[39m]: [32m✓ Environment: development[39m
2026-01-09 04:29:57 [[32minfo[39m]: [32m✓ API Base URL: http://localhost:3001[39m
2026-01-09 04:29:57 [[32minfo[39m]: [32mStarting Auto-Assignment Scheduler (60s tick)[39m
2026-01-09 04:30:00 [[31merror[39m]: [31mDatabase query error:[39m
2026-01-09 04:30:00 [[31merror[39m]: [31mAssignment scheduler loop error[39m
2026-01-09 04:30:14 [[32minfo[39m]: [32mIncoming request[39m
2026-01-09 04:30:14 [[32minfo[39m]: [32mRequest completed[39m
2026-01-09 04:31:00 [[32minfo[39m]: [32mNew database connection established[39m
2026-01-09 04:31:00 [[31merror[39m]: [31mDatabase query error:[39m
2026-01-09 04:31:00 [[31merror[39m]: [31mAssignment scheduler loop error[39m
2026-01-09 04:32:01 [[32minfo[39m]: [32mNew database connection established[39m
2026-01-09 04:32:01 [[31merror[39m]: [31mDatabase query error:[39m
2026-01-09 04:32:01 [[31merror[39m]: [31mAssignment scheduler loop error[39m
2026-01-09 04:33:00 [[32minfo[39m]: [32mNew database connection established[39m
2026-01-09 04:33:00 [[31merror[39m]: [31mDatabase query error:[39m
2026-01-09 04:33:00 [[31merror[39m]: [31mAssignment scheduler loop error[39m
2026-01-09 04:34:00 [[32minfo[39m]: [32mNew database connection established[39m
2026-01-09 04:34:00 [[31merror[39m]: [31mDatabase query error:[39m
2026-01-09 04:34:00 [[31merror[39m]: [31mAssignment scheduler loop error[39m
2026-01-09 04:34:57 [[32minfo[39m]: [32mIncoming request[39m
2026-01-09 04:34:57 [[32minfo[39m]: [32mNew database connection established[39m
2026-01-09 04:34:58 [[32minfo[39m]: [32mUser logged in[39m
2026-01-09 04:34:58 [[32minfo[39m]: [32mRequest completed[39m
2026-01-09 04:34:58 [[32minfo[39m]: [32mIncoming request[39m
2026-01-09 04:34:58 [[32minfo[39m]: [32mIncoming request[39m
2026-01-09 04:34:58 [[32minfo[39m]: [32mClient connected[39m
2026-01-09 04:34:58 [[32minfo[39m]: [32mNew database connection established[39m
2026-01-09 04:34:58 [[32minfo[39m]: [32mSocket authenticated[39m
2026-01-09 04:34:58 [[32minfo[39m]: [32mRequest completed[39m
2026-01-09 04:34:58 [[32minfo[39m]: [32mIncoming request[39m
2026-01-09 04:34:58 [[32minfo[39m]: [32mRequest completed[39m
2026-01-09 04:34:58 [[32minfo[39m]: [32mNew database connection established[39m
2026-01-09 04:34:58 [[32minfo[39m]: [32mNew database connection established[39m
2026-01-09 04:34:58 [[32minfo[39m]: [32mNew database connection established[39m
2026-01-09 04:34:58 [[32minfo[39m]: [32mNew database connection established[39m
2026-01-09 04:34:58 [[32minfo[39m]: [32mNew database connection established[39m
2026-01-09 04:34:58 [[32minfo[39m]: [32mRequest completed[39m
2026-01-09 04:34:58 [[32minfo[39m]: [32mIncoming request[39m
2026-01-09 04:34:58 [[32minfo[39m]: [32mRequest completed[39m
2026-01-09 04:35:00 [[31merror[39m]: [31mDatabase query error:[39m
2026-01-09 04:35:00 [[31merror[39m]: [31mAssignment scheduler loop error[39m
2026-01-09 04:35:02 [[32minfo[39m]: [32mClient disconnected[39m
2026-01-09 04:35:02 [[32minfo[39m]: [32mClient connected[39m
2026-01-09 04:35:02 [[32minfo[39m]: [32mIncoming request[39m
2026-01-09 04:35:02 [[31merror[39m]: [31mError occurred[39m
2026-01-09 04:35:02 [[32minfo[39m]: [32mRequest completed[39m
2026-01-09 04:35:02 [[32minfo[39m]: [32mSocket authenticated[39m
2026-01-09 04:35:02 [[32minfo[39m]: [32mIncoming request[39m
2026-01-09 04:35:02 [[31merror[39m]: [31mError occurred[39m
2026-01-09 04:35:02 [[32minfo[39m]: [32mRequest completed[39m
2026-01-09 04:35:03 [[32minfo[39m]: [32mIncoming request[39m
2026-01-09 04:35:03 [[32minfo[39m]: [32mIncoming request[39m
2026-01-09 04:35:03 [[32minfo[39m]: [32mIncoming request[39m
2026-01-09 04:35:03 [[31merror[39m]: [31mError occurred[39m
2026-01-09 04:35:03 [[32minfo[39m]: [32mRequest completed[39m
2026-01-09 04:35:03 [[32minfo[39m]: [32mIncoming request[39m
2026-01-09 04:35:03 [[32minfo[39m]: [32mRequest completed[39m
2026-01-09 04:35:03 [[31merror[39m]: [31mError occurred[39m
2026-01-09 04:35:03 [[32minfo[39m]: [32mRequest completed[39m
2026-01-09 04:35:03 [[32minfo[39m]: [32mIncoming request[39m
2026-01-09 04:35:03 [[32minfo[39m]: [32mRequest completed[39m
2026-01-09 04:35:03 [[32minfo[39m]: [32mIncoming request[39m
2026-01-09 04:35:03 [[32minfo[39m]: [32mRequest completed[39m
2026-01-09 04:35:03 [[32minfo[39m]: [32mRequest completed[39m
2026-01-09 04:35:05 [[32minfo[39m]: [32mIncoming request[39m
2026-01-09 04:35:05 [[31merror[39m]: [31mError occurred[39m
2026-01-09 04:35:05 [[32minfo[39m]: [32mRequest completed[39m
2026-01-09 04:35:13 [[32minfo[39m]: [32mIncoming request[39m
2026-01-09 04:35:13 [[32minfo[39m]: [32mIncoming request[39m
2026-01-09 04:35:13 [[32minfo[39m]: [32mRequest completed[39m
2026-01-09 04:35:13 [[32minfo[39m]: [32mRequest completed[39m
2026-01-09 04:35:13 [[32minfo[39m]: [32mClient connected[39m
2026-01-09 04:35:13 [[32minfo[39m]: [32mIncoming request[39m
2026-01-09 04:35:13 [[32minfo[39m]: [32mRequest completed[39m
2026-01-09 04:35:13 [[32minfo[39m]: [32mIncoming request[39m
2026-01-09 04:35:13 [[32minfo[39m]: [32mRequest completed[39m
2026-01-09 04:35:13 [[32minfo[39m]: [32mSocket authenticated[39m
2026-01-09 04:35:18 [[32minfo[39m]: [32mClient disconnected[39m
2026-01-09 04:35:18 [[32minfo[39m]: [32mIncoming request[39m
2026-01-09 04:35:18 [[32minfo[39m]: [32mIncoming request[39m
2026-01-09 04:35:18 [[32minfo[39m]: [32mIncoming request[39m
2026-01-09 04:35:18 [[31merror[39m]: [31mError occurred[39m
2026-01-09 04:35:18 [[32minfo[39m]: [32mRequest completed[39m
2026-01-09 04:35:18 [[32minfo[39m]: [32mIncoming request[39m
2026-01-09 04:35:18 [[32minfo[39m]: [32mRequest completed[39m
2026-01-09 04:35:18 [[32minfo[39m]: [32mRequest completed[39m
2026-01-09 04:35:18 [[31merror[39m]: [31mError occurred[39m
2026-01-09 04:35:18 [[32minfo[39m]: [32mRequest completed[39m
2026-01-09 04:35:18 [[32minfo[39m]: [32mIncoming request[39m
2026-01-09 04:35:19 [[32minfo[39m]: [32mIncoming request[39m
2026-01-09 04:35:19 [[32minfo[39m]: [32mRequest completed[39m
2026-01-09 04:35:19 [[32minfo[39m]: [32mRequest completed[39m
2026-01-09 04:35:20 [[32minfo[39m]: [32mIncoming request[39m
2026-01-09 04:35:20 [[32minfo[39m]: [32mRequest completed[39m
2026-01-09 04:35:43 [[32minfo[39m]: [32mIncoming request[39m
2026-01-09 04:35:43 [[31merror[39m]: [31mError occurred[39m
2026-01-09 04:35:43 [[32minfo[39m]: [32mRequest completed[39m
2026-01-09 04:35:43 [[32minfo[39m]: [32mClient disconnected[39m
2026-01-09 04:36:00 [[31merror[39m]: [31mDatabase query error:[39m
2026-01-09 04:36:00 [[31merror[39m]: [31mAssignment scheduler loop error[39m
2026-01-09 04:36:16 [[32minfo[39m]: [32mIncoming request[39m
2026-01-09 04:36:16 [[32minfo[39m]: [32mNew database connection established[39m
2026-01-09 04:36:16 [[31merror[39m]: [31mError occurred[39m
2026-01-09 04:36:16 [[32minfo[39m]: [32mRequest completed[39m
2026-01-09 04:36:30 [[32minfo[39m]: [32mIncoming request[39m
2026-01-09 04:36:31 [[31merror[39m]: [31mError occurred[39m
2026-01-09 04:36:31 [[32minfo[39m]: [32mRequest completed[39m
2026-01-09 04:37:00 [[31merror[39m]: [31mDatabase query error:[39m
2026-01-09 04:37:00 [[31merror[39m]: [31mAssignment scheduler loop error[39m
2026-01-09 04:37:02 [[32minfo[39m]: [32mIncoming request[39m
2026-01-09 04:37:02 [[32minfo[39m]: [32mNew database connection established[39m
2026-01-09 04:37:02 [[31merror[39m]: [31mError occurred[39m
2026-01-09 04:37:02 [[32minfo[39m]: [32mRequest completed[39m
2026-01-09 04:38:00 [[31merror[39m]: [31mDatabase query error:[39m
2026-01-09 04:38:00 [[31merror[39m]: [31mAssignment scheduler loop error[39m
2026-01-09 04:39:00 [[32minfo[39m]: [32mNew database connection established[39m
2026-01-09 04:39:00 [[31merror[39m]: [31mDatabase query error:[39m
2026-01-09 04:39:00 [[31merror[39m]: [31mAssignment scheduler loop error[39m
2026-01-09 04:40:01 [[32minfo[39m]: [32mNew database connection established[39m
2026-01-09 04:40:01 [[31merror[39m]: [31mDatabase query error:[39m
2026-01-09 04:40:01 [[31merror[39m]: [31mAssignment scheduler loop error[39m
2026-01-09 04:41:00 [[32minfo[39m]: [32mNew database connection established[39m
2026-01-09 04:41:00 [[31merror[39m]: [31mDatabase query error:[39m
2026-01-09 04:41:00 [[31merror[39m]: [31mAssignment scheduler loop error[39m
2026-01-09 04:42:00 [[32minfo[39m]: [32mNew database connection established[39m
2026-01-09 04:42:00 [[31merror[39m]: [31mDatabase query error:[39m
2026-01-09 04:42:00 [[31merror[39m]: [31mAssignment scheduler loop error[39m
2026-01-09 04:43:00 [[32minfo[39m]: [32mNew database connection established[39m
2026-01-09 04:43:00 [[31merror[39m]: [31mDatabase query error:[39m
2026-01-09 04:43:00 [[31merror[39m]: [31mAssignment scheduler loop error[39m
2026-01-09 04:44:00 [[32minfo[39m]: [32mNew database connection established[39m
2026-01-09 04:44:00 [[31merror[39m]: [31mDatabase query error:[39m
2026-01-09 04:44:00 [[31merror[39m]: [31mAssignment scheduler loop error[39m
2026-01-09 04:45:00 [[32minfo[39m]: [32mNew database connection established[39m
2026-01-09 04:45:00 [[31merror[39m]: [31mDatabase query error:[39m
2026-01-09 04:45:00 [[31merror[39m]: [31mAssignment scheduler loop error[39m
2026-01-09 04:46:00 [[32minfo[39m]: [32mNew database connection established[39m
2026-01-09 04:46:00 [[31merror[39m]: [31mDatabase query error:[39m
2026-01-09 04:46:00 [[31merror[39m]: [31mAssignment scheduler loop error[39m
2026-01-09 04:47:00 [[32minfo[39m]: [32mNew database connection established[39m
2026-01-09 04:47:00 [[31merror[39m]: [31mDatabase query error:[39m
2026-01-09 04:47:00 [[31merror[39m]: [31mAssignment scheduler loop error[39m
2026-01-09 04:48:00 [[32minfo[39m]: [32mNew database connection established[39m
2026-01-09 04:48:00 [[31merror[39m]: [31mDatabase query error:[39m
2026-01-09 04:48:00 [[31merror[39m]: [31mAssignment scheduler loop error[39m
2026-01-09 04:49:00 [[32minfo[39m]: [32mNew database connection established[39m
2026-01-09 04:49:00 [[31merror[39m]: [31mDatabase query error:[39m
2026-01-09 04:49:00 [[31merror[39m]: [31mAssignment scheduler loop error[39m
2026-01-09 04:50:01 [[32minfo[39m]: [32mNew database connection established[39m
2026-01-09 04:50:01 [[31merror[39m]: [31mDatabase query error:[39m
2026-01-09 04:50:01 [[31merror[39m]: [31mAssignment scheduler loop error[39m
2026-01-09 04:51:00 [[32minfo[39m]: [32mNew database connection established[39m
2026-01-09 04:51:00 [[31merror[39m]: [31mDatabase query error:[39m
2026-01-09 04:51:00 [[31merror[39m]: [31mAssignment scheduler loop error[39m
2026-01-09 04:52:00 [[32minfo[39m]: [32mNew database connection established[39m
2026-01-09 04:52:00 [[31merror[39m]: [31mDatabase query error:[39m
2026-01-09 04:52:00 [[31merror[39m]: [31mAssignment scheduler loop error[39m
2026-01-09 04:53:00 [[32minfo[39m]: [32mNew database connection established[39m
