SERVER INIT REACHED
2026-01-09 04:24:28 [[32minfo[39m]: [32mSocket.io handlers initialized[39m
2026-01-09 04:24:28 [[32minfo[39m]: [32mNew database connection established[39m
2026-01-09 04:24:28 [[32minfo[39m]: [32m✓ Database connected[39m
2026-01-09 04:24:28 [[32minfo[39m]: [32m✓ Redis connected[39m
node:events:497
      throw er; // Unhandled 'error' event
      ^

Error: listen EADDRINUSE: address already in use 0.0.0.0:3001
    at Server.setupListenHandle [as _listen2] (node:net:1940:16)
    at listenInCluster (node:net:1997:12)
    at node:net:2206:7
    at process.processTicksAndRejections (node:internal/process/task_queues:90:21)
Emitted 'error' event on Server instance at:
    at emitErrorNT (node:net:1976:8)
    at process.processTicksAndRejections (node:internal/process/task_queues:90:21) {
  code: 'EADDRINUSE',
  errno: -4091,
  syscall: 'listen',
  address: '0.0.0.0',
  port: 3001
}

Node.js v22.20.0
