[2025-12-20T14:34:50.890Z] Starting simulator...
[2025-12-20T14:34:50.896Z] Connecting to DB...
[2025-12-20T14:34:50.963Z] Connected to DB
[2025-12-20T14:34:50.972Z] No drivers found in database. Run seed script first.
[2025-12-20T14:42:31.511Z] Starting simulator...
[2025-12-20T14:42:31.518Z] Connecting to DB...
[2025-12-20T14:42:31.630Z] Connected to DB
[2025-12-20T14:42:31.643Z] No drivers found in database. Run seed script first.
[2025-12-20T17:57:35.901Z] Starting simulator...
[2025-12-20T17:57:35.905Z] Connecting to DB...
[2025-12-20T17:57:35.961Z] Connected to DB
[2025-12-20T17:57:35.972Z] Simulating 3 drivers: Hans, Klaus, Sophie
[2025-12-20T17:57:35.973Z] Connecting to socket at http://localhost:3001
[2025-12-20T17:57:36.058Z] Connected to Backend Socket
[2025-12-21T00:44:42.321Z] Starting simulator...
[2025-12-21T00:44:42.326Z] Connecting to DB...
[2025-12-21T00:44:42.435Z] Connected to DB
[2025-12-21T00:44:42.454Z] Simulating 3 drivers: Hans, Klaus, Sophie
[2025-12-21T00:44:42.456Z] Connecting to socket at http://localhost:3001
[2025-12-21T00:44:42.509Z] Connected to Backend Socket
[2025-12-21T02:28:25.499Z] Starting simulator...
[2025-12-21T02:28:25.513Z] Connecting to DB...
[2025-12-21T02:28:25.639Z] Connected to DB
[2025-12-21T02:28:25.660Z] Simulating 3 drivers: Hans, Klaus, Sophie
[2025-12-21T02:28:25.661Z] Connecting to socket at http://localhost:3001
[2025-12-21T02:28:25.701Z] Socket Connection Error: xhr poll error
[2025-12-21T02:28:27.176Z] Socket Connection Error: xhr poll error
[2025-12-21T02:28:29.004Z] Socket Connection Error: xhr poll error
[2025-12-21T02:28:33.013Z] Socket Connection Error: xhr poll error
