Starting run for D:\website\taxi\database\schema.sql
FAILURE: extension "postgis" is not available
error: extension "postgis" is not available
    at D:\website\taxi\backend\node_modules\pg\lib\client.js:545:17
    at process.processTicksAndRejections (node:internal/process/task_queues:105:5)
    at async runSql (D:\website\taxi\backend\run-sql-debug.js:30:13)
Attempting statement-by-statement...
[0] SUCCESS: -- Taxi Booking & Dispatch System - Database Schem...
[1] ERROR: extension "postgis" is not available
Statement: CREATE EXTENSION IF NOT EXISTS "postgis"
[2] SUCCESS: -- For geospatial queries

-- ==================...
[3] SUCCESS: -- ============================================
-...
[4] SUCCESS: CREATE TYPE user_status AS ENUM ('active', 'inacti...
[5] SUCCESS: CREATE TABLE users (
    id SERIAL PRIMARY KEY,
...
[6] SUCCESS: CREATE INDEX idx_users_tenant ON users(tenant_id)...
[7] SUCCESS: CREATE INDEX idx_users_role ON users(role)...
[8] SUCCESS: CREATE INDEX idx_users_phone ON users(phone)...
[9] SUCCESS: -- ============================================
-...
[10] SUCCESS: CREATE TYPE vehicle_status AS ENUM ('active', 'mai...
[11] SUCCESS: CREATE TABLE vehicles (
    id SERIAL PRIMARY KEY...
[12] SUCCESS: CREATE TABLE vehicle_capabilities (
    id SERIAL...
[13] SUCCESS: CREATE INDEX idx_vehicles_tenant ON vehicles(tenan...
[14] SUCCESS: CREATE INDEX idx_vehicles_type ON vehicles(vehicle...
[15] SUCCESS: -- ============================================
-...
[16] SUCCESS: CREATE TABLE drivers (
    id SERIAL PRIMARY KEY,...
[17] SUCCESS: CREATE TABLE driver_capabilities (
    id SERIAL ...
[18] SUCCESS: -- Silent performance tracking (admin-only, never ...
[19] SUCCESS: -- Driver shifts and breaks
CREATE TABLE driver_s...
[20] SUCCESS: CREATE TABLE driver_breaks (
    id SERIAL PRIMAR...
[21] SUCCESS: CREATE INDEX idx_drivers_availability ON drivers(a...
[22] SUCCESS: CREATE INDEX idx_drivers_location_updated ON drive...
[23] SUCCESS: -- ============================================
-...
[24] SUCCESS: CREATE TABLE partner_pricing_rules (
    id SERIA...
[25] SUCCESS: CREATE TABLE partner_settlements (
    id SERIAL ...
[26] SUCCESS: CREATE INDEX idx_partners_tenant ON partners(tenan...
[27] SUCCESS: CREATE INDEX idx_partner_settlements_period ON par...
[28] SUCCESS: -- ============================================
-...
[29] SUCCESS: CREATE TYPE payment_method AS ENUM ('cash', 'card_...
[30] SUCCESS: CREATE TYPE invoice_status AS ENUM ('not_required'...
[31] SUCCESS: CREATE TABLE bookings (
    id SERIAL PRIMARY KEY...
[32] SUCCESS: -- Booking requirements (vehicle constraints)
CRE...
[33] SUCCESS: CREATE INDEX idx_bookings_tenant ON bookings(tenan...
[34] SUCCESS: CREATE INDEX idx_bookings_status ON bookings(statu...
[35] SUCCESS: CREATE INDEX idx_bookings_driver ON bookings(drive...
[36] SUCCESS: CREATE INDEX idx_bookings_passenger ON bookings(pa...
[37] SUCCESS: CREATE INDEX idx_bookings_partner ON bookings(part...
[38] SUCCESS: CREATE INDEX idx_bookings_scheduled ON bookings(sc...
[39] SUCCESS: CREATE INDEX idx_bookings_reference ON bookings(bo...
[40] SUCCESS: -- ============================================
-...
[41] SUCCESS: CREATE TABLE booking_timeline (
    id SERIAL PRI...
[42] SUCCESS: CREATE INDEX idx_timeline_booking ON booking_timel...
[43] SUCCESS: CREATE INDEX idx_timeline_event_type ON booking_ti...
[44] SUCCESS: CREATE INDEX idx_timeline_created ON booking_timel...
[45] SUCCESS: -- Immutable event log for disputes and compliance...
[46] SUCCESS: CREATE INDEX idx_event_logs_tenant ON event_logs(t...
[47] SUCCESS: CREATE INDEX idx_event_logs_booking ON event_logs(...
[48] SUCCESS: CREATE INDEX idx_event_logs_type ON event_logs(eve...
[49] SUCCESS: -- ============================================
-...
[50] SUCCESS: CREATE TABLE proof_assets (
    id SERIAL PRIMARY...
[51] SUCCESS: CREATE INDEX idx_proof_booking ON proof_assets(boo...
[52] SUCCESS: -- ============================================
-...
[53] SUCCESS: CREATE TABLE external_bookings (
    id SERIAL PR...
[54] SUCCESS: CREATE TABLE webhook_logs (
    id SERIAL PRIMARY...
[55] SUCCESS: CREATE INDEX idx_external_bookings_tenant ON exter...
[56] SUCCESS: CREATE INDEX idx_external_bookings_partner ON exte...
[57] SUCCESS: CREATE INDEX idx_external_bookings_external_id ON ...
[58] SUCCESS: -- ============================================
-...
[59] SUCCESS: CREATE TABLE blacklist (
    id SERIAL PRIMARY KE...
[60] SUCCESS: CREATE INDEX idx_fraud_flags_user ON fraud_flags(u...
[61] SUCCESS: CREATE INDEX idx_blacklist_phone ON blacklist(phon...
[62] SUCCESS: CREATE INDEX idx_blacklist_email ON blacklist(emai...
[63] SUCCESS: -- ============================================
-...
[64] SUCCESS: CREATE INDEX idx_admin_audit_tenant ON admin_audit...
[65] SUCCESS: CREATE INDEX idx_admin_audit_user ON admin_audit_l...
[66] SUCCESS: CREATE INDEX idx_admin_audit_action ON admin_audit...
[67] SUCCESS: -- ============================================
-...
[68] SUCCESS: -- Partition by time for performance (optional, fo...
[69] SUCCESS: -- ============================================
-...
[70] SUCCESS: CREATE INDEX idx_invoices_tenant ON invoices(tenan...
[71] SUCCESS: CREATE INDEX idx_invoices_booking ON invoices(book...
[72] SUCCESS: CREATE INDEX idx_invoices_partner ON invoices(part...
[73] SUCCESS: -- ============================================
-...
[74] SUCCESS: CREATE INDEX idx_flight_tracking_booking ON flight...
[75] SUCCESS: -- ============================================
-...
[76] SUCCESS: CREATE TYPE notification_status AS ENUM ('pending'...
[77] SUCCESS: CREATE TABLE notifications (
    id SERIAL PRIMAR...
[78] SUCCESS: CREATE INDEX idx_notifications_user ON notificatio...
[79] SUCCESS: CREATE INDEX idx_notifications_status ON notificat...
[80] ERROR: unterminated dollar-quoted string at or near "$$
BEGIN
    NEW.updated_at = NOW()"
Statement: -- ============================================
-- FUNCTIONS & TRIGGERS
-- ============================================

-- Update updated_at timestamp automatically
CREATE OR REPLACE FUNCTION update_updated_at_column()
RETURNS TRIGGER AS $$
BEGIN
    NEW.updated_at = NOW()
[81] ERROR: syntax error at or near "RETURN"
Statement: RETURN NEW
[82] SUCCESS: END...
[83] ERROR: unterminated dollar-quoted string at or near "$$ LANGUAGE plpgsql"
Statement: $$ LANGUAGE plpgsql
[84] ERROR: function update_updated_at_column() does not exist
Statement: -- Apply to all tables with updated_at
CREATE TRIGGER update_tenants_updated_at BEFORE UPDATE ON tenants FOR EACH ROW EXECUTE FUNCTION update_updated_at_column()
[85] ERROR: function update_updated_at_column() does not exist
Statement: CREATE TRIGGER update_users_updated_at BEFORE UPDATE ON users FOR EACH ROW EXECUTE FUNCTION update_updated_at_column()
[86] ERROR: function update_updated_at_column() does not exist
Statement: CREATE TRIGGER update_vehicles_updated_at BEFORE UPDATE ON vehicles FOR EACH ROW EXECUTE FUNCTION update_updated_at_column()
[87] ERROR: function update_updated_at_column() does not exist
Statement: CREATE TRIGGER update_drivers_updated_at BEFORE UPDATE ON drivers FOR EACH ROW EXECUTE FUNCTION update_updated_at_column()
[88] ERROR: function update_updated_at_column() does not exist
Statement: CREATE TRIGGER update_partners_updated_at BEFORE UPDATE ON partners FOR EACH ROW EXECUTE FUNCTION update_updated_at_column()
[89] ERROR: function update_updated_at_column() does not exist
Statement: CREATE TRIGGER update_bookings_updated_at BEFORE UPDATE ON bookings FOR EACH ROW EXECUTE FUNCTION update_updated_at_column()
[90] SUCCESS: -- ============================================
-...
[91] SUCCESS: -- Create admin user (password: admin123 - CHANGE ...
[92] SUCCESS: COMMENT ON DATABASE taxi_dispatch IS 'Production-g...
